// Jest Snapshot v1, https://goo.gl/fbAQLP

exports[`<CheckBox /> should render correctly 1`] = `
<View
  accessible={true}
  collapsable={false}
  focusable={true}
  onBlur={[Function]}
  onClick={[Function]}
  onFocus={[Function]}
  onResponderGrant={[Function]}
  onResponderMove={[Function]}
  onResponderRelease={[Function]}
  onResponderTerminate={[Function]}
  onResponderTerminationRequest={[Function]}
  onStartShouldSetResponder={[Function]}
  style={
    Array [
      Object {
        "alignItems": "center",
        "backgroundColor": "transparent",
        "borderColor": "coral",
        "borderRadius": 4,
        "borderWidth": 2,
        "height": 24,
        "justifyContent": "center",
        "width": 24,
      },
      false,
    ]
  }
/>
`;
